2026-06-08T07:07:16 UTC | INFO     | ======================================================================
2026-06-08T07:07:16 UTC | INFO     | STARTUP  | BGG Banking Simulator v1.0.0 iniciando...
2026-06-08T07:07:16 UTC | INFO     | STARTUP  | Log operativo: /app/logs/active/bgg_operativo.log
2026-06-08T07:07:16 UTC | INFO     | STARTUP  | Latencia simulada: 0.1s – 1.5s
2026-06-08T07:07:16 UTC | INFO     | ======================================================================
2026-06-08T07:07:20 UTC | INFO     | REQUEST  | method=GET    endpoint=/                                   status=200 latency=    0.78ms
2026-06-08T07:07:50 UTC | INFO     | REQUEST  | method=GET    endpoint=/                                   status=200 latency=    3.18ms
2026-06-08T07:08:18 UTC | INFO     | REQUEST  | method=GET    endpoint=/                                   status=200 latency=    1.51ms
2026-06-08T07:08:21 UTC | INFO     | REQUEST  | method=GET    endpoint=/                                   status=200 latency=    0.30ms
2026-06-08T07:08:51 UTC | INFO     | REQUEST  | method=GET    endpoint=/                                   status=200 latency=    0.30ms
2026-06-08T07:09:21 UTC | INFO     | REQUEST  | method=GET    endpoint=/                                   status=200 latency=    0.29ms
2026-06-08T07:09:52 UTC | INFO     | REQUEST  | method=GET    endpoint=/                                   status=200 latency=    1.94ms
2026-06-08T07:10:22 UTC | INFO     | REQUEST  | method=GET    endpoint=/                                   status=200 latency=    0.85ms
2026-06-08T07:10:53 UTC | INFO     | REQUEST  | method=GET    endpoint=/                                   status=200 latency=    0.66ms
2026-06-08T07:11:23 UTC | INFO     | REQUEST  | method=GET    endpoint=/                                   status=200 latency=    0.60ms
2026-06-08T07:11:40 UTC | INFO     | REQUEST  | method=GET    endpoint=/                                   status=200 latency=    0.35ms
2026-06-08T07:11:54 UTC | INFO     | REQUEST  | method=GET    endpoint=/                                   status=200 latency=    1.09ms
2026-06-08T07:12:06 UTC | INFO     | AUTH     | user=cliente_001          network_delay=1.4533s
2026-06-08T07:12:06 UTC | INFO     | AUTH_OK  | user=cliente_001          account=MX-4821-0001 type=PREMIUM
2026-06-08T07:12:06 UTC | INFO     | REQUEST  | method=POST   endpoint=/api/v1/auth/login                  status=200 latency= 1469.21ms
2026-06-08T07:12:24 UTC | INFO     | REQUEST  | method=GET    endpoint=/                                   status=200 latency=    0.28ms
2026-06-08T07:12:55 UTC | INFO     | REQUEST  | method=GET    endpoint=/                                   status=200 latency=    0.48ms
2026-06-08T07:13:25 UTC | INFO     | REQUEST  | method=GET    endpoint=/                                   status=200 latency=    0.40ms
2026-06-08T07:13:56 UTC | INFO     | REQUEST  | method=GET    endpoint=/                                   status=200 latency=    0.39ms
2026-06-08T07:14:24 UTC | INFO     | AUTH     | user=cliente_001          network_delay=0.3689s
2026-06-08T07:14:24 UTC | INFO     | AUTH_OK  | user=cliente_001          account=MX-4821-0001 type=PREMIUM
2026-06-08T07:14:24 UTC | INFO     | REQUEST  | method=POST   endpoint=/api/v1/auth/login                  status=200 latency=  369.82ms
2026-06-08T07:14:24 UTC | INFO     | AUTH     | user=cliente_001          network_delay=0.3737s
2026-06-08T07:14:24 UTC | INFO     | AUTH_OK  | user=cliente_001          account=MX-4821-0001 type=PREMIUM
2026-06-08T07:14:24 UTC | INFO     | REQUEST  | method=POST   endpoint=/api/v1/auth/login                  status=200 latency=  374.43ms
2026-06-08T07:14:25 UTC | INFO     | AUTH     | user=cliente_001          network_delay=0.8556s
2026-06-08T07:14:25 UTC | INFO     | AUTH_OK  | user=cliente_001          account=MX-4821-0001 type=PREMIUM
2026-06-08T07:14:25 UTC | INFO     | REQUEST  | method=POST   endpoint=/api/v1/auth/login                  status=200 latency=  859.98ms
2026-06-08T07:14:25 UTC | INFO     | AUTH     | user=cliente_001          network_delay=0.3833s
2026-06-08T07:14:25 UTC | INFO     | AUTH_OK  | user=cliente_001          account=MX-4821-0001 type=PREMIUM
2026-06-08T07:14:25 UTC | INFO     | REQUEST  | method=POST   endpoint=/api/v1/auth/login                  status=200 latency=  386.54ms
2026-06-08T07:14:26 UTC | INFO     | AUTH     | user=cliente_001          network_delay=0.6732s
2026-06-08T07:14:26 UTC | INFO     | AUTH_OK  | user=cliente_001          account=MX-4821-0001 type=PREMIUM
2026-06-08T07:14:26 UTC | INFO     | REQUEST  | method=POST   endpoint=/api/v1/auth/login                  status=200 latency=  683.42ms
2026-06-08T07:14:26 UTC | INFO     | REQUEST  | method=GET    endpoint=/                                   status=200 latency=    0.40ms
2026-06-08T07:14:27 UTC | INFO     | AUTH     | user=cliente_001          network_delay=0.6693s
2026-06-08T07:14:27 UTC | INFO     | AUTH_OK  | user=cliente_001          account=MX-4821-0001 type=PREMIUM
2026-06-08T07:14:27 UTC | INFO     | REQUEST  | method=POST   endpoint=/api/v1/auth/login                  status=200 latency=  671.41ms
2026-06-08T07:14:27 UTC | INFO     | AUTH     | user=cliente_001          network_delay=0.2071s
2026-06-08T07:14:27 UTC | INFO     | AUTH_OK  | user=cliente_001          account=MX-4821-0001 type=PREMIUM
2026-06-08T07:14:27 UTC | INFO     | REQUEST  | method=POST   endpoint=/api/v1/auth/login                  status=200 latency=  219.53ms
2026-06-08T07:14:28 UTC | INFO     | AUTH     | user=cliente_001          network_delay=1.4003s
2026-06-08T07:14:28 UTC | INFO     | AUTH_OK  | user=cliente_001          account=MX-4821-0001 type=PREMIUM
2026-06-08T07:14:28 UTC | INFO     | REQUEST  | method=POST   endpoint=/api/v1/auth/login                  status=200 latency= 1403.04ms
2026-06-08T07:14:30 UTC | INFO     | AUTH     | user=cliente_001          network_delay=1.4583s
2026-06-08T07:14:30 UTC | INFO     | AUTH_OK  | user=cliente_001          account=MX-4821-0001 type=PREMIUM
2026-06-08T07:14:30 UTC | INFO     | REQUEST  | method=POST   endpoint=/api/v1/auth/login                  status=200 latency= 1461.44ms
2026-06-08T07:14:31 UTC | INFO     | AUTH     | user=cliente_001          network_delay=0.6015s
2026-06-08T07:14:31 UTC | INFO     | AUTH_OK  | user=cliente_001          account=MX-4821-0001 type=PREMIUM
2026-06-08T07:14:31 UTC | INFO     | REQUEST  | method=POST   endpoint=/api/v1/auth/login                  status=200 latency=  601.97ms
2026-06-08T07:14:31 UTC | INFO     | AUTH     | user=cliente_001          network_delay=0.3513s
2026-06-08T07:14:31 UTC | INFO     | AUTH_OK  | user=cliente_001          account=MX-4821-0001 type=PREMIUM
2026-06-08T07:14:31 UTC | INFO     | REQUEST  | method=POST   endpoint=/api/v1/auth/login                  status=200 latency=  372.00ms
2026-06-08T07:14:31 UTC | INFO     | AUTH     | user=cliente_001          network_delay=0.4279s
2026-06-08T07:14:31 UTC | INFO     | AUTH_OK  | user=cliente_001          account=MX-4821-0001 type=PREMIUM
2026-06-08T07:14:31 UTC | INFO     | REQUEST  | method=POST   endpoint=/api/v1/auth/login                  status=200 latency=  428.98ms
2026-06-08T07:14:33 UTC | INFO     | AUTH     | user=cliente_001          network_delay=1.1469s
2026-06-08T07:14:33 UTC | INFO     | AUTH_OK  | user=cliente_001          account=MX-4821-0001 type=PREMIUM
2026-06-08T07:14:33 UTC | INFO     | REQUEST  | method=POST   endpoint=/api/v1/auth/login                  status=200 latency= 1148.61ms
2026-06-08T07:14:34 UTC | INFO     | AUTH     | user=cliente_001          network_delay=1.0200s
2026-06-08T07:14:34 UTC | INFO     | AUTH_OK  | user=cliente_001          account=MX-4821-0001 type=PREMIUM
2026-06-08T07:14:34 UTC | INFO     | REQUEST  | method=POST   endpoint=/api/v1/auth/login                  status=200 latency= 1024.21ms
2026-06-08T07:14:34 UTC | INFO     | AUTH     | user=cliente_001          network_delay=0.5498s
2026-06-08T07:14:34 UTC | INFO     | AUTH_OK  | user=cliente_001          account=MX-4821-0001 type=PREMIUM
2026-06-08T07:14:34 UTC | INFO     | REQUEST  | method=POST   endpoint=/api/v1/auth/login                  status=200 latency=  553.34ms
2026-06-08T07:14:35 UTC | INFO     | AUTH     | user=cliente_001          network_delay=0.2730s
2026-06-08T07:14:35 UTC | INFO     | AUTH_OK  | user=cliente_001          account=MX-4821-0001 type=PREMIUM
2026-06-08T07:14:35 UTC | INFO     | REQUEST  | method=POST   endpoint=/api/v1/auth/login                  status=200 latency=  275.89ms
2026-06-08T07:14:35 UTC | INFO     | AUTH     | user=cliente_001          network_delay=0.6759s
2026-06-08T07:14:35 UTC | INFO     | AUTH_OK  | user=cliente_001          account=MX-4821-0001 type=PREMIUM
2026-06-08T07:14:35 UTC | INFO     | REQUEST  | method=POST   endpoint=/api/v1/auth/login                  status=200 latency=  679.73ms
2026-06-08T07:14:36 UTC | INFO     | AUTH     | user=cliente_001          network_delay=1.1041s
2026-06-08T07:14:36 UTC | INFO     | AUTH_OK  | user=cliente_001          account=MX-4821-0001 type=PREMIUM
2026-06-08T07:14:36 UTC | INFO     | REQUEST  | method=POST   endpoint=/api/v1/auth/login                  status=200 latency= 1105.83ms
2026-06-08T07:14:37 UTC | INFO     | AUTH     | user=cliente_001          network_delay=0.6620s
2026-06-08T07:14:37 UTC | INFO     | AUTH_OK  | user=cliente_001          account=MX-4821-0001 type=PREMIUM
2026-06-08T07:14:37 UTC | INFO     | REQUEST  | method=POST   endpoint=/api/v1/auth/login                  status=200 latency=  672.18ms
2026-06-08T07:14:38 UTC | INFO     | AUTH     | user=cliente_001          network_delay=0.9549s
2026-06-08T07:14:38 UTC | INFO     | AUTH_OK  | user=cliente_001          account=MX-4821-0001 type=PREMIUM
2026-06-08T07:14:38 UTC | INFO     | REQUEST  | method=POST   endpoint=/api/v1/auth/login                  status=200 latency=  957.41ms
2026-06-08T07:14:38 UTC | INFO     | AUTH     | user=cliente_001          network_delay=0.1347s
2026-06-08T07:14:38 UTC | INFO     | AUTH_OK  | user=cliente_001          account=MX-4821-0001 type=PREMIUM
2026-06-08T07:14:38 UTC | INFO     | REQUEST  | method=POST   endpoint=/api/v1/auth/login                  status=200 latency=  137.51ms
2026-06-08T07:14:39 UTC | INFO     | AUTH     | user=cliente_001          network_delay=0.9091s
2026-06-08T07:14:39 UTC | INFO     | AUTH_OK  | user=cliente_001          account=MX-4821-0001 type=PREMIUM
2026-06-08T07:14:39 UTC | INFO     | REQUEST  | method=POST   endpoint=/api/v1/auth/login                  status=200 latency=  911.18ms
2026-06-08T07:14:40 UTC | INFO     | AUTH     | user=cliente_001          network_delay=0.8609s
2026-06-08T07:14:40 UTC | INFO     | AUTH_OK  | user=cliente_001          account=MX-4821-0001 type=PREMIUM
2026-06-08T07:14:40 UTC | INFO     | REQUEST  | method=POST   endpoint=/api/v1/auth/login                  status=200 latency=  864.19ms
2026-06-08T07:14:41 UTC | INFO     | AUTH     | user=cliente_001          network_delay=1.1022s
2026-06-08T07:14:41 UTC | INFO     | AUTH_OK  | user=cliente_001          account=MX-4821-0001 type=PREMIUM
2026-06-08T07:14:41 UTC | INFO     | REQUEST  | method=POST   endpoint=/api/v1/auth/login                  status=200 latency= 1106.07ms
2026-06-08T07:14:41 UTC | INFO     | AUTH     | user=cliente_001          network_delay=0.2321s
2026-06-08T07:14:41 UTC | INFO     | AUTH_OK  | user=cliente_001          account=MX-4821-0001 type=PREMIUM
2026-06-08T07:14:41 UTC | INFO     | REQUEST  | method=POST   endpoint=/api/v1/auth/login                  status=200 latency=  234.99ms
2026-06-08T07:14:43 UTC | INFO     | AUTH     | user=cliente_001          network_delay=1.4704s
2026-06-08T07:14:43 UTC | INFO     | AUTH_OK  | user=cliente_001          account=MX-4821-0001 type=PREMIUM
2026-06-08T07:14:43 UTC | INFO     | REQUEST  | method=POST   endpoint=/api/v1/auth/login                  status=200 latency= 1471.46ms
2026-06-08T07:14:44 UTC | INFO     | AUTH     | user=cliente_001          network_delay=0.7530s
2026-06-08T07:14:44 UTC | INFO     | AUTH_OK  | user=cliente_001          account=MX-4821-0001 type=PREMIUM
2026-06-08T07:14:44 UTC | INFO     | REQUEST  | method=POST   endpoint=/api/v1/auth/login                  status=200 latency=  758.80ms
2026-06-08T07:14:44 UTC | INFO     | AUTH     | user=cliente_001          network_delay=0.6660s
2026-06-08T07:14:44 UTC | INFO     | AUTH_OK  | user=cliente_001          account=MX-4821-0001 type=PREMIUM
2026-06-08T07:14:44 UTC | INFO     | REQUEST  | method=POST   endpoint=/api/v1/auth/login                  status=200 latency=  666.38ms
2026-06-08T07:14:45 UTC | INFO     | AUTH     | user=cliente_001          network_delay=0.1120s
2026-06-08T07:14:45 UTC | INFO     | AUTH_OK  | user=cliente_001          account=MX-4821-0001 type=PREMIUM
2026-06-08T07:14:45 UTC | INFO     | REQUEST  | method=POST   endpoint=/api/v1/auth/login                  status=200 latency=  116.40ms
2026-06-08T07:14:46 UTC | INFO     | AUTH     | user=cliente_001          network_delay=0.9465s
2026-06-08T07:14:46 UTC | INFO     | AUTH_OK  | user=cliente_001          account=MX-4821-0001 type=PREMIUM
2026-06-08T07:14:46 UTC | INFO     | REQUEST  | method=POST   endpoint=/api/v1/auth/login                  status=200 latency=  949.24ms
2026-06-08T07:14:57 UTC | INFO     | REQUEST  | method=GET    endpoint=/                                   status=200 latency=    0.31ms
2026-06-08T07:15:27 UTC | INFO     | REQUEST  | method=GET    endpoint=/                                   status=200 latency=    0.44ms
2026-06-08T07:15:58 UTC | INFO     | REQUEST  | method=GET    endpoint=/                                   status=200 latency=    0.30ms
2026-06-08T07:16:28 UTC | INFO     | REQUEST  | method=GET    endpoint=/                                   status=200 latency=    0.29ms
2026-06-08T07:16:59 UTC | INFO     | REQUEST  | method=GET    endpoint=/                                   status=200 latency=    1.36ms
2026-06-08T07:17:29 UTC | INFO     | REQUEST  | method=GET    endpoint=/                                   status=200 latency=    0.43ms
2026-06-08T07:18:00 UTC | INFO     | REQUEST  | method=GET    endpoint=/                                   status=200 latency=    0.39ms
2026-06-08T07:18:30 UTC | INFO     | REQUEST  | method=GET    endpoint=/                                   status=200 latency=    0.87ms
2026-06-08T07:19:01 UTC | INFO     | REQUEST  | method=GET    endpoint=/                                   status=200 latency=    0.27ms
2026-06-08T07:19:31 UTC | INFO     | REQUEST  | method=GET    endpoint=/                                   status=200 latency=    0.33ms
2026-06-08T07:20:02 UTC | INFO     | REQUEST  | method=GET    endpoint=/                                   status=200 latency=    0.38ms
2026-06-08T07:20:32 UTC | INFO     | REQUEST  | method=GET    endpoint=/                                   status=200 latency=    0.34ms
2026-06-08T07:21:03 UTC | INFO     | REQUEST  | method=GET    endpoint=/                                   status=200 latency=    0.31ms
2026-06-08T07:21:33 UTC | INFO     | REQUEST  | method=GET    endpoint=/                                   status=200 latency=    3.64ms
2026-06-08T07:22:03 UTC | INFO     | REQUEST  | method=GET    endpoint=/                                   status=200 latency=    3.47ms
2026-06-08T07:22:34 UTC | INFO     | REQUEST  | method=GET    endpoint=/                                   status=200 latency=    0.66ms
2026-06-08T07:23:04 UTC | INFO     | REQUEST  | method=GET    endpoint=/                                   status=200 latency=    2.00ms
2026-06-08T07:23:35 UTC | INFO     | REQUEST  | method=GET    endpoint=/                                   status=200 latency=    0.29ms
2026-06-08T07:24:05 UTC | INFO     | REQUEST  | method=GET    endpoint=/                                   status=200 latency=    1.49ms
2026-06-08T07:24:36 UTC | INFO     | REQUEST  | method=GET    endpoint=/                                   status=200 latency=    0.62ms
2026-06-08T07:25:06 UTC | INFO     | REQUEST  | method=GET    endpoint=/                                   status=200 latency=    1.50ms
2026-06-08T07:25:36 UTC | INFO     | REQUEST  | method=GET    endpoint=/                                   status=200 latency=    0.55ms
2026-06-08T07:26:07 UTC | INFO     | REQUEST  | method=GET    endpoint=/                                   status=200 latency=    0.37ms
2026-06-08T07:26:38 UTC | INFO     | REQUEST  | method=GET    endpoint=/                                   status=200 latency=    0.41ms
2026-06-08T07:27:08 UTC | INFO     | REQUEST  | method=GET    endpoint=/                                   status=200 latency=    0.68ms
2026-06-08T07:27:39 UTC | INFO     | REQUEST  | method=GET    endpoint=/                                   status=200 latency=    4.09ms
2026-06-08T07:28:09 UTC | INFO     | REQUEST  | method=GET    endpoint=/                                   status=200 latency=    0.33ms
2026-06-08T07:28:40 UTC | INFO     | REQUEST  | method=GET    endpoint=/                                   status=200 latency=    0.62ms
2026-06-08T07:29:10 UTC | INFO     | REQUEST  | method=GET    endpoint=/                                   status=200 latency=    0.42ms
2026-06-08T07:29:41 UTC | INFO     | REQUEST  | method=GET    endpoint=/                                   status=200 latency=    0.37ms
2026-06-08T07:30:11 UTC | INFO     | REQUEST  | method=GET    endpoint=/                                   status=200 latency=    0.44ms
2026-06-08T07:30:42 UTC | INFO     | REQUEST  | method=GET    endpoint=/                                   status=200 latency=    0.64ms
2026-06-08T07:31:12 UTC | INFO     | REQUEST  | method=GET    endpoint=/                                   status=200 latency=    0.38ms
2026-06-08T07:31:43 UTC | INFO     | REQUEST  | method=GET    endpoint=/                                   status=200 latency=    0.28ms
2026-06-08T07:32:13 UTC | INFO     | REQUEST  | method=GET    endpoint=/                                   status=200 latency=    0.34ms
2026-06-08T07:32:44 UTC | INFO     | REQUEST  | method=GET    endpoint=/                                   status=200 latency=    1.55ms
2026-06-08T07:33:14 UTC | INFO     | REQUEST  | method=GET    endpoint=/                                   status=200 latency=    0.43ms
2026-06-08T07:33:45 UTC | INFO     | REQUEST  | method=GET    endpoint=/                                   status=200 latency=    0.35ms
2026-06-08T07:34:15 UTC | INFO     | REQUEST  | method=GET    endpoint=/                                   status=200 latency=    0.54ms
2026-06-08T07:34:46 UTC | INFO     | REQUEST  | method=GET    endpoint=/                                   status=200 latency=    0.49ms
2026-06-08T07:35:16 UTC | INFO     | REQUEST  | method=GET    endpoint=/                                   status=200 latency=    0.32ms
2026-06-08T07:35:47 UTC | INFO     | REQUEST  | method=GET    endpoint=/                                   status=200 latency=    0.38ms
2026-06-08T07:36:17 UTC | INFO     | REQUEST  | method=GET    endpoint=/                                   status=200 latency=    0.30ms
2026-06-08T07:36:48 UTC | INFO     | REQUEST  | method=GET    endpoint=/                                   status=200 latency=    0.32ms
2026-06-08T07:37:18 UTC | INFO     | REQUEST  | method=GET    endpoint=/                                   status=200 latency=    0.99ms
2026-06-08T07:37:49 UTC | INFO     | REQUEST  | method=GET    endpoint=/                                   status=200 latency=    0.27ms
2026-06-08T07:38:19 UTC | INFO     | REQUEST  | method=GET    endpoint=/                                   status=200 latency=    0.58ms
2026-06-08T07:38:50 UTC | INFO     | REQUEST  | method=GET    endpoint=/                                   status=200 latency=    0.42ms
2026-06-08T07:39:20 UTC | INFO     | REQUEST  | method=GET    endpoint=/                                   status=200 latency=    1.08ms
2026-06-08T07:39:50 UTC | INFO     | REQUEST  | method=GET    endpoint=/                                   status=200 latency=    2.24ms
2026-06-08T07:40:22 UTC | INFO     | REQUEST  | method=GET    endpoint=/                                   status=200 latency=    0.28ms
2026-06-08T07:40:38 UTC | INFO     | AUTH     | user=cliente_001          network_delay=1.4348s
2026-06-08T07:40:38 UTC | INFO     | AUTH_OK  | user=cliente_001          account=MX-4821-0001 type=PREMIUM
2026-06-08T07:40:38 UTC | INFO     | REQUEST  | method=POST   endpoint=/api/v1/auth/login                  status=200 latency= 1473.72ms
2026-06-08T07:40:38 UTC | INFO     | AUTH     | user=cliente_001          network_delay=0.7775s
2026-06-08T07:40:38 UTC | INFO     | AUTH_OK  | user=cliente_001          account=MX-4821-0001 type=PREMIUM
2026-06-08T07:40:38 UTC | INFO     | REQUEST  | method=POST   endpoint=/api/v1/auth/login                  status=200 latency=  780.66ms
2026-06-08T07:40:39 UTC | INFO     | AUTH     | user=cliente_001          network_delay=0.3427s
2026-06-08T07:40:39 UTC | INFO     | AUTH_OK  | user=cliente_001          account=MX-4821-0001 type=PREMIUM
2026-06-08T07:40:39 UTC | INFO     | REQUEST  | method=POST   endpoint=/api/v1/auth/login                  status=200 latency=  345.82ms
2026-06-08T07:40:40 UTC | INFO     | AUTH     | user=cliente_001          network_delay=0.8194s
2026-06-08T07:40:40 UTC | INFO     | AUTH_OK  | user=cliente_001          account=MX-4821-0001 type=PREMIUM
2026-06-08T07:40:40 UTC | INFO     | REQUEST  | method=POST   endpoint=/api/v1/auth/login                  status=200 latency=  824.02ms
2026-06-08T07:40:41 UTC | INFO     | AUTH     | user=cliente_001          network_delay=0.9788s
2026-06-08T07:40:41 UTC | INFO     | AUTH_OK  | user=cliente_001          account=MX-4821-0001 type=PREMIUM
2026-06-08T07:40:41 UTC | INFO     | REQUEST  | method=POST   endpoint=/api/v1/auth/login                  status=200 latency=  984.07ms
2026-06-08T07:40:42 UTC | INFO     | AUTH     | user=cliente_001          network_delay=1.4360s
2026-06-08T07:40:42 UTC | INFO     | AUTH_OK  | user=cliente_001          account=MX-4821-0001 type=PREMIUM
2026-06-08T07:40:42 UTC | INFO     | REQUEST  | method=POST   endpoint=/api/v1/auth/login                  status=200 latency= 1440.90ms
2026-06-08T07:40:43 UTC | INFO     | AUTH     | user=cliente_001          network_delay=0.7856s
2026-06-08T07:40:43 UTC | INFO     | AUTH_OK  | user=cliente_001          account=MX-4821-0001 type=PREMIUM
2026-06-08T07:40:43 UTC | INFO     | REQUEST  | method=POST   endpoint=/api/v1/auth/login                  status=200 latency=  791.21ms
2026-06-08T07:40:44 UTC | INFO     | AUTH     | user=cliente_001          network_delay=1.0768s
2026-06-08T07:40:44 UTC | INFO     | AUTH_OK  | user=cliente_001          account=MX-4821-0001 type=PREMIUM
2026-06-08T07:40:44 UTC | INFO     | REQUEST  | method=POST   endpoint=/api/v1/auth/login                  status=200 latency= 1083.27ms
2026-06-08T07:40:45 UTC | INFO     | AUTH     | user=cliente_001          network_delay=0.8492s
2026-06-08T07:40:45 UTC | INFO     | AUTH_OK  | user=cliente_001          account=MX-4821-0001 type=PREMIUM
2026-06-08T07:40:45 UTC | INFO     | REQUEST  | method=POST   endpoint=/api/v1/auth/login                  status=200 latency=  854.04ms
2026-06-08T07:40:46 UTC | INFO     | AUTH     | user=cliente_001          network_delay=1.0295s
2026-06-08T07:40:46 UTC | INFO     | AUTH_OK  | user=cliente_001          account=MX-4821-0001 type=PREMIUM
2026-06-08T07:40:46 UTC | INFO     | REQUEST  | method=POST   endpoint=/api/v1/auth/login                  status=200 latency= 1034.67ms
2026-06-08T07:40:46 UTC | INFO     | AUTH     | user=cliente_001          network_delay=0.1931s
2026-06-08T07:40:46 UTC | INFO     | AUTH_OK  | user=cliente_001          account=MX-4821-0001 type=PREMIUM
2026-06-08T07:40:46 UTC | INFO     | REQUEST  | method=POST   endpoint=/api/v1/auth/login                  status=200 latency=  195.22ms
2026-06-08T07:40:47 UTC | INFO     | AUTH     | user=cliente_001          network_delay=0.5851s
2026-06-08T07:40:47 UTC | INFO     | AUTH_OK  | user=cliente_001          account=MX-4821-0001 type=PREMIUM
2026-06-08T07:40:47 UTC | INFO     | REQUEST  | method=POST   endpoint=/api/v1/auth/login                  status=200 latency=  589.93ms
2026-06-08T07:40:48 UTC | INFO     | AUTH     | user=cliente_001          network_delay=1.0589s
2026-06-08T07:40:48 UTC | INFO     | AUTH_OK  | user=cliente_001          account=MX-4821-0001 type=PREMIUM
2026-06-08T07:40:48 UTC | INFO     | REQUEST  | method=POST   endpoint=/api/v1/auth/login                  status=200 latency= 1062.82ms
2026-06-08T07:40:49 UTC | INFO     | AUTH     | user=cliente_001          network_delay=1.3335s
2026-06-08T07:40:49 UTC | INFO     | AUTH_OK  | user=cliente_001          account=MX-4821-0001 type=PREMIUM
2026-06-08T07:40:49 UTC | INFO     | REQUEST  | method=POST   endpoint=/api/v1/auth/login                  status=200 latency= 1335.47ms
2026-06-08T07:40:50 UTC | INFO     | AUTH     | user=cliente_001          network_delay=0.7168s
2026-06-08T07:40:50 UTC | INFO     | AUTH_OK  | user=cliente_001          account=MX-4821-0001 type=PREMIUM
2026-06-08T07:40:50 UTC | INFO     | REQUEST  | method=POST   endpoint=/api/v1/auth/login                  status=200 latency=  722.60ms
2026-06-08T07:40:51 UTC | INFO     | AUTH     | user=cliente_001          network_delay=1.0941s
2026-06-08T07:40:51 UTC | INFO     | AUTH_OK  | user=cliente_001          account=MX-4821-0001 type=PREMIUM
2026-06-08T07:40:51 UTC | INFO     | REQUEST  | method=POST   endpoint=/api/v1/auth/login                  status=200 latency= 1098.55ms
2026-06-08T07:40:52 UTC | INFO     | AUTH     | user=cliente_001          network_delay=0.7817s
2026-06-08T07:40:52 UTC | INFO     | AUTH_OK  | user=cliente_001          account=MX-4821-0001 type=PREMIUM
2026-06-08T07:40:52 UTC | INFO     | REQUEST  | method=POST   endpoint=/api/v1/auth/login                  status=200 latency=  785.25ms
2026-06-08T07:40:52 UTC | INFO     | REQUEST  | method=GET    endpoint=/                                   status=200 latency=    0.31ms
2026-06-08T07:40:53 UTC | INFO     | AUTH     | user=cliente_001          network_delay=1.3926s
2026-06-08T07:40:53 UTC | INFO     | AUTH_OK  | user=cliente_001          account=MX-4821-0001 type=PREMIUM
2026-06-08T07:40:53 UTC | INFO     | REQUEST  | method=POST   endpoint=/api/v1/auth/login                  status=200 latency= 1394.43ms
2026-06-08T07:40:54 UTC | INFO     | AUTH     | user=cliente_001          network_delay=0.2240s
2026-06-08T07:40:54 UTC | INFO     | AUTH_OK  | user=cliente_001          account=MX-4821-0001 type=PREMIUM
2026-06-08T07:40:54 UTC | INFO     | REQUEST  | method=POST   endpoint=/api/v1/auth/login                  status=200 latency=  227.19ms
2026-06-08T07:40:55 UTC | INFO     | AUTH     | user=cliente_001          network_delay=1.0547s
2026-06-08T07:40:55 UTC | INFO     | AUTH_OK  | user=cliente_001          account=MX-4821-0001 type=PREMIUM
2026-06-08T07:40:55 UTC | INFO     | REQUEST  | method=POST   endpoint=/api/v1/auth/login                  status=200 latency= 1056.81ms
2026-06-08T07:40:56 UTC | INFO     | AUTH     | user=cliente_001          network_delay=1.4590s
2026-06-08T07:40:56 UTC | INFO     | AUTH_OK  | user=cliente_001          account=MX-4821-0001 type=PREMIUM
2026-06-08T07:40:56 UTC | INFO     | REQUEST  | method=POST   endpoint=/api/v1/auth/login                  status=200 latency= 1464.43ms
2026-06-08T07:40:57 UTC | INFO     | AUTH     | user=cliente_001          network_delay=0.9624s
2026-06-08T07:40:57 UTC | INFO     | AUTH_OK  | user=cliente_001          account=MX-4821-0001 type=PREMIUM
2026-06-08T07:40:57 UTC | INFO     | REQUEST  | method=POST   endpoint=/api/v1/auth/login                  status=200 latency=  967.50ms
2026-06-08T07:40:58 UTC | INFO     | AUTH     | user=cliente_001          network_delay=0.6889s
2026-06-08T07:40:58 UTC | INFO     | AUTH_OK  | user=cliente_001          account=MX-4821-0001 type=PREMIUM
2026-06-08T07:40:58 UTC | INFO     | REQUEST  | method=POST   endpoint=/api/v1/auth/login                  status=200 latency=  693.98ms
2026-06-08T07:40:58 UTC | INFO     | AUTH     | user=cliente_001          network_delay=0.2134s
2026-06-08T07:40:58 UTC | INFO     | AUTH_OK  | user=cliente_001          account=MX-4821-0001 type=PREMIUM
2026-06-08T07:40:58 UTC | INFO     | REQUEST  | method=POST   endpoint=/api/v1/auth/login                  status=200 latency=  217.13ms
2026-06-08T07:40:59 UTC | INFO     | AUTH     | user=cliente_001          network_delay=1.1412s
2026-06-08T07:40:59 UTC | INFO     | AUTH_OK  | user=cliente_001          account=MX-4821-0001 type=PREMIUM
2026-06-08T07:40:59 UTC | INFO     | REQUEST  | method=POST   endpoint=/api/v1/auth/login                  status=200 latency= 1151.73ms
2026-06-08T07:41:00 UTC | INFO     | AUTH     | user=cliente_001          network_delay=1.2528s
2026-06-08T07:41:00 UTC | INFO     | AUTH_OK  | user=cliente_001          account=MX-4821-0001 type=PREMIUM
2026-06-08T07:41:00 UTC | INFO     | REQUEST  | method=POST   endpoint=/api/v1/auth/login                  status=200 latency= 1256.26ms
2026-06-08T07:41:01 UTC | INFO     | AUTH     | user=cliente_001          network_delay=0.3109s
2026-06-08T07:41:01 UTC | INFO     | AUTH_OK  | user=cliente_001          account=MX-4821-0001 type=PREMIUM
2026-06-08T07:41:01 UTC | INFO     | REQUEST  | method=POST   endpoint=/api/v1/auth/login                  status=200 latency=  317.48ms
2026-06-08T07:41:02 UTC | INFO     | AUTH     | user=cliente_001          network_delay=0.9736s
2026-06-08T07:41:02 UTC | INFO     | AUTH_OK  | user=cliente_001          account=MX-4821-0001 type=PREMIUM
2026-06-08T07:41:02 UTC | INFO     | REQUEST  | method=POST   endpoint=/api/v1/auth/login                  status=200 latency=  979.16ms
2026-06-08T07:41:03 UTC | INFO     | AUTH     | user=cliente_001          network_delay=1.1760s
2026-06-08T07:41:03 UTC | INFO     | AUTH_OK  | user=cliente_001          account=MX-4821-0001 type=PREMIUM
2026-06-08T07:41:03 UTC | INFO     | REQUEST  | method=POST   endpoint=/api/v1/auth/login                  status=200 latency= 1180.77ms
2026-06-08T07:41:04 UTC | INFO     | AUTH     | user=cliente_001          network_delay=1.2934s
2026-06-08T07:41:04 UTC | INFO     | AUTH_OK  | user=cliente_001          account=MX-4821-0001 type=PREMIUM
2026-06-08T07:41:04 UTC | INFO     | REQUEST  | method=POST   endpoint=/api/v1/auth/login                  status=200 latency= 1294.97ms
2026-06-08T07:41:23 UTC | INFO     | REQUEST  | method=GET    endpoint=/                                   status=200 latency=    0.72ms
2026-06-08T07:41:53 UTC | INFO     | REQUEST  | method=GET    endpoint=/                                   status=200 latency=    0.30ms
2026-06-08T07:42:06 UTC | INFO     | AUTH     | user=cliente_001          network_delay=0.1694s
2026-06-08T07:42:06 UTC | INFO     | AUTH_OK  | user=cliente_001          account=MX-4821-0001 type=PREMIUM
2026-06-08T07:42:06 UTC | INFO     | REQUEST  | method=POST   endpoint=/api/v1/auth/login                  status=200 latency=  172.08ms
2026-06-08T07:42:07 UTC | INFO     | AUTH     | user=cliente_001          network_delay=0.8703s
2026-06-08T07:42:07 UTC | INFO     | AUTH_OK  | user=cliente_001          account=MX-4821-0001 type=PREMIUM
2026-06-08T07:42:07 UTC | INFO     | REQUEST  | method=POST   endpoint=/api/v1/auth/login                  status=200 latency=  870.98ms
2026-06-08T07:42:08 UTC | INFO     | AUTH     | user=cliente_001          network_delay=0.5577s
2026-06-08T07:42:08 UTC | INFO     | AUTH_OK  | user=cliente_001          account=MX-4821-0001 type=PREMIUM
2026-06-08T07:42:08 UTC | INFO     | REQUEST  | method=POST   endpoint=/api/v1/auth/login                  status=200 latency=  562.28ms
2026-06-08T07:42:08 UTC | INFO     | AUTH     | user=cliente_001          network_delay=0.5422s
2026-06-08T07:42:08 UTC | INFO     | AUTH_OK  | user=cliente_001          account=MX-4821-0001 type=PREMIUM
2026-06-08T07:42:08 UTC | INFO     | REQUEST  | method=POST   endpoint=/api/v1/auth/login                  status=200 latency=  545.82ms
2026-06-08T07:42:09 UTC | INFO     | AUTH     | user=cliente_001          network_delay=0.4316s
2026-06-08T07:42:09 UTC | INFO     | AUTH_OK  | user=cliente_001          account=MX-4821-0001 type=PREMIUM
2026-06-08T07:42:09 UTC | INFO     | REQUEST  | method=POST   endpoint=/api/v1/auth/login                  status=200 latency=  439.34ms
2026-06-08T07:42:10 UTC | INFO     | AUTH     | user=cliente_001          network_delay=1.4570s
2026-06-08T07:42:10 UTC | INFO     | AUTH_OK  | user=cliente_001          account=MX-4821-0001 type=PREMIUM
2026-06-08T07:42:10 UTC | INFO     | REQUEST  | method=POST   endpoint=/api/v1/auth/login                  status=200 latency= 1466.48ms
2026-06-08T07:42:12 UTC | INFO     | AUTH     | user=cliente_001          network_delay=1.4677s
2026-06-08T07:42:12 UTC | INFO     | AUTH_OK  | user=cliente_001          account=MX-4821-0001 type=PREMIUM
2026-06-08T07:42:12 UTC | INFO     | REQUEST  | method=POST   endpoint=/api/v1/auth/login                  status=200 latency= 1471.65ms
2026-06-08T07:42:12 UTC | INFO     | AUTH     | user=cliente_001          network_delay=0.6064s
2026-06-08T07:42:12 UTC | INFO     | AUTH_OK  | user=cliente_001          account=MX-4821-0001 type=PREMIUM
2026-06-08T07:42:12 UTC | INFO     | REQUEST  | method=POST   endpoint=/api/v1/auth/login                  status=200 latency=  610.94ms
2026-06-08T07:42:13 UTC | INFO     | AUTH     | user=cliente_001          network_delay=0.3048s
2026-06-08T07:42:13 UTC | INFO     | AUTH_OK  | user=cliente_001          account=MX-4821-0001 type=PREMIUM
2026-06-08T07:42:13 UTC | INFO     | REQUEST  | method=POST   endpoint=/api/v1/auth/login                  status=200 latency=  310.12ms
2026-06-08T07:42:13 UTC | INFO     | AUTH     | user=cliente_001          network_delay=0.3814s
2026-06-08T07:42:13 UTC | INFO     | AUTH_OK  | user=cliente_001          account=MX-4821-0001 type=PREMIUM
2026-06-08T07:42:13 UTC | INFO     | REQUEST  | method=POST   endpoint=/api/v1/auth/login                  status=200 latency=  385.93ms
2026-06-08T07:42:14 UTC | INFO     | AUTH     | user=cliente_001          network_delay=1.2304s
2026-06-08T07:42:14 UTC | INFO     | AUTH_OK  | user=cliente_001          account=MX-4821-0001 type=PREMIUM
2026-06-08T07:42:14 UTC | INFO     | REQUEST  | method=POST   endpoint=/api/v1/auth/login                  status=200 latency= 1248.96ms
2026-06-08T07:42:16 UTC | INFO     | AUTH     | user=cliente_001          network_delay=1.0699s
2026-06-08T07:42:16 UTC | INFO     | AUTH_OK  | user=cliente_001          account=MX-4821-0001 type=PREMIUM
2026-06-08T07:42:16 UTC | INFO     | REQUEST  | method=POST   endpoint=/api/v1/auth/login                  status=200 latency= 1074.49ms
2026-06-08T07:42:17 UTC | INFO     | AUTH     | user=cliente_001          network_delay=1.1032s
2026-06-08T07:42:17 UTC | INFO     | AUTH_OK  | user=cliente_001          account=MX-4821-0001 type=PREMIUM
2026-06-08T07:42:17 UTC | INFO     | REQUEST  | method=POST   endpoint=/api/v1/auth/login                  status=200 latency= 1107.97ms
2026-06-08T07:42:18 UTC | INFO     | AUTH     | user=cliente_001          network_delay=1.1163s
2026-06-08T07:42:18 UTC | INFO     | AUTH_OK  | user=cliente_001          account=MX-4821-0001 type=PREMIUM
2026-06-08T07:42:18 UTC | INFO     | REQUEST  | method=POST   endpoint=/api/v1/auth/login                  status=200 latency= 1120.98ms
2026-06-08T07:42:19 UTC | INFO     | AUTH     | user=cliente_001          network_delay=1.3638s
2026-06-08T07:42:19 UTC | INFO     | AUTH_OK  | user=cliente_001          account=MX-4821-0001 type=PREMIUM
2026-06-08T07:42:19 UTC | INFO     | REQUEST  | method=POST   endpoint=/api/v1/auth/login                  status=200 latency= 1367.72ms
2026-06-08T07:42:20 UTC | INFO     | AUTH     | user=cliente_001          network_delay=0.6883s
2026-06-08T07:42:20 UTC | INFO     | AUTH_OK  | user=cliente_001          account=MX-4821-0001 type=PREMIUM
2026-06-08T07:42:20 UTC | INFO     | REQUEST  | method=POST   endpoint=/api/v1/auth/login                  status=200 latency=  691.04ms
2026-06-08T07:42:21 UTC | INFO     | AUTH     | user=cliente_001          network_delay=1.4517s
2026-06-08T07:42:21 UTC | INFO     | AUTH_OK  | user=cliente_001          account=MX-4821-0001 type=PREMIUM
2026-06-08T07:42:21 UTC | INFO     | REQUEST  | method=POST   endpoint=/api/v1/auth/login                  status=200 latency= 1456.37ms
2026-06-08T07:42:22 UTC | INFO     | AUTH     | user=cliente_001          network_delay=0.8893s
2026-06-08T07:42:22 UTC | INFO     | AUTH_OK  | user=cliente_001          account=MX-4821-0001 type=PREMIUM
2026-06-08T07:42:22 UTC | INFO     | REQUEST  | method=POST   endpoint=/api/v1/auth/login                  status=200 latency=  894.56ms
2026-06-08T07:42:22 UTC | INFO     | AUTH     | user=cliente_001          network_delay=0.1844s
2026-06-08T07:42:22 UTC | INFO     | AUTH_OK  | user=cliente_001          account=MX-4821-0001 type=PREMIUM
2026-06-08T07:42:22 UTC | INFO     | REQUEST  | method=POST   endpoint=/api/v1/auth/login                  status=200 latency=  190.69ms
2026-06-08T07:42:23 UTC | INFO     | AUTH     | user=cliente_001          network_delay=0.7763s
2026-06-08T07:42:23 UTC | INFO     | AUTH_OK  | user=cliente_001          account=MX-4821-0001 type=PREMIUM
2026-06-08T07:42:23 UTC | INFO     | REQUEST  | method=POST   endpoint=/api/v1/auth/login                  status=200 latency=  780.78ms
2026-06-08T07:42:24 UTC | INFO     | AUTH     | user=cliente_001          network_delay=0.3147s
2026-06-08T07:42:24 UTC | INFO     | AUTH_OK  | user=cliente_001          account=MX-4821-0001 type=PREMIUM
2026-06-08T07:42:24 UTC | INFO     | REQUEST  | method=POST   endpoint=/api/v1/auth/login                  status=200 latency=  318.91ms
2026-06-08T07:42:24 UTC | INFO     | REQUEST  | method=GET    endpoint=/                                   status=200 latency=    0.31ms
2026-06-08T07:42:24 UTC | INFO     | AUTH     | user=cliente_001          network_delay=0.2109s
2026-06-08T07:42:24 UTC | INFO     | AUTH_OK  | user=cliente_001          account=MX-4821-0001 type=PREMIUM
2026-06-08T07:42:24 UTC | INFO     | REQUEST  | method=POST   endpoint=/api/v1/auth/login                  status=200 latency=  216.08ms
2026-06-08T07:42:25 UTC | INFO     | AUTH     | user=cliente_001          network_delay=1.4519s
2026-06-08T07:42:25 UTC | INFO     | AUTH_OK  | user=cliente_001          account=MX-4821-0001 type=PREMIUM
2026-06-08T07:42:25 UTC | INFO     | REQUEST  | method=POST   endpoint=/api/v1/auth/login                  status=200 latency= 1457.44ms
2026-06-08T07:42:26 UTC | INFO     | AUTH     | user=cliente_001          network_delay=0.6897s
2026-06-08T07:42:26 UTC | INFO     | AUTH_OK  | user=cliente_001          account=MX-4821-0001 type=PREMIUM
2026-06-08T07:42:26 UTC | INFO     | REQUEST  | method=POST   endpoint=/api/v1/auth/login                  status=200 latency=  694.19ms
2026-06-08T07:42:27 UTC | INFO     | AUTH     | user=cliente_001          network_delay=1.3396s
2026-06-08T07:42:27 UTC | INFO     | AUTH_OK  | user=cliente_001          account=MX-4821-0001 type=PREMIUM
2026-06-08T07:42:27 UTC | INFO     | REQUEST  | method=POST   endpoint=/api/v1/auth/login                  status=200 latency= 1342.43ms
2026-06-08T07:42:28 UTC | INFO     | AUTH     | user=cliente_001          network_delay=0.3906s
2026-06-08T07:42:28 UTC | INFO     | AUTH_OK  | user=cliente_001          account=MX-4821-0001 type=PREMIUM
2026-06-08T07:42:28 UTC | INFO     | REQUEST  | method=POST   endpoint=/api/v1/auth/login                  status=200 latency=  393.77ms
2026-06-08T07:42:28 UTC | INFO     | AUTH     | user=cliente_001          network_delay=0.4916s
2026-06-08T07:42:28 UTC | INFO     | AUTH_OK  | user=cliente_001          account=MX-4821-0001 type=PREMIUM
2026-06-08T07:42:28 UTC | INFO     | REQUEST  | method=POST   endpoint=/api/v1/auth/login                  status=200 latency=  496.43ms
2026-06-08T07:42:28 UTC | INFO     | AUTH     | user=cliente_001          network_delay=0.1052s
2026-06-08T07:42:28 UTC | INFO     | AUTH_OK  | user=cliente_001          account=MX-4821-0001 type=PREMIUM
2026-06-08T07:42:28 UTC | INFO     | REQUEST  | method=POST   endpoint=/api/v1/auth/login                  status=200 latency=  111.18ms
2026-06-08T07:42:29 UTC | INFO     | AUTH     | user=cliente_001          network_delay=0.8991s
2026-06-08T07:42:29 UTC | INFO     | AUTH_OK  | user=cliente_001          account=MX-4821-0001 type=PREMIUM
2026-06-08T07:42:29 UTC | INFO     | REQUEST  | method=POST   endpoint=/api/v1/auth/login                  status=200 latency=  903.23ms
2026-06-08T07:42:31 UTC | INFO     | AUTH     | user=cliente_001          network_delay=1.4567s
2026-06-08T07:42:31 UTC | INFO     | AUTH_OK  | user=cliente_001          account=MX-4821-0001 type=PREMIUM
2026-06-08T07:42:31 UTC | INFO     | REQUEST  | method=POST   endpoint=/api/v1/auth/login                  status=200 latency= 1461.08ms
2026-06-08T07:42:54 UTC | INFO     | REQUEST  | method=GET    endpoint=/                                   status=200 latency=    0.27ms
2026-06-08T07:43:25 UTC | INFO     | REQUEST  | method=GET    endpoint=/                                   status=200 latency=    0.28ms
2026-06-08T07:43:55 UTC | INFO     | REQUEST  | method=GET    endpoint=/                                   status=200 latency=    0.28ms
2026-06-08T07:44:20 UTC | INFO     | AUTH     | user=cliente_001          network_delay=0.5488s
2026-06-08T07:44:20 UTC | INFO     | AUTH_OK  | user=cliente_001          account=MX-4821-0001 type=PREMIUM
2026-06-08T07:44:20 UTC | INFO     | REQUEST  | method=POST   endpoint=/api/v1/auth/login                  status=200 latency=  550.51ms
2026-06-08T07:44:21 UTC | INFO     | AUTH     | user=cliente_001          network_delay=0.5087s
2026-06-08T07:44:21 UTC | INFO     | AUTH_OK  | user=cliente_001          account=MX-4821-0001 type=PREMIUM
2026-06-08T07:44:21 UTC | INFO     | REQUEST  | method=POST   endpoint=/api/v1/auth/login                  status=200 latency=  513.96ms
2026-06-08T07:44:22 UTC | INFO     | AUTH     | user=cliente_001          network_delay=0.7525s
2026-06-08T07:44:22 UTC | INFO     | AUTH_OK  | user=cliente_001          account=MX-4821-0001 type=PREMIUM
2026-06-08T07:44:22 UTC | INFO     | REQUEST  | method=POST   endpoint=/api/v1/auth/login                  status=200 latency=  854.93ms
2026-06-08T07:44:22 UTC | INFO     | AUTH     | user=cliente_001          network_delay=0.3245s
2026-06-08T07:44:22 UTC | INFO     | AUTH_OK  | user=cliente_001          account=MX-4821-0001 type=PREMIUM
2026-06-08T07:44:22 UTC | INFO     | REQUEST  | method=POST   endpoint=/api/v1/auth/login                  status=200 latency=  326.24ms
2026-06-08T07:44:23 UTC | INFO     | AUTH     | user=cliente_001          network_delay=0.2822s
2026-06-08T07:44:23 UTC | INFO     | AUTH_OK  | user=cliente_001          account=MX-4821-0001 type=PREMIUM
2026-06-08T07:44:23 UTC | INFO     | REQUEST  | method=POST   endpoint=/api/v1/auth/login                  status=200 latency=  285.05ms
2026-06-08T07:44:23 UTC | INFO     | AUTH     | user=cliente_001          network_delay=0.9055s
2026-06-08T07:44:23 UTC | INFO     | AUTH_OK  | user=cliente_001          account=MX-4821-0001 type=PREMIUM
2026-06-08T07:44:24 UTC | INFO     | REQUEST  | method=POST   endpoint=/api/v1/auth/login                  status=200 latency=  910.34ms
2026-06-08T07:44:24 UTC | INFO     | AUTH     | user=cliente_001          network_delay=0.6644s
2026-06-08T07:44:24 UTC | INFO     | AUTH_OK  | user=cliente_001          account=MX-4821-0001 type=PREMIUM
2026-06-08T07:44:24 UTC | INFO     | REQUEST  | method=POST   endpoint=/api/v1/auth/login                  status=200 latency=  663.03ms
2026-06-08T07:44:24 UTC | INFO     | AUTH     | user=cliente_001          network_delay=0.2274s
2026-06-08T07:44:24 UTC | INFO     | AUTH_OK  | user=cliente_001          account=MX-4821-0001 type=PREMIUM
2026-06-08T07:44:24 UTC | INFO     | REQUEST  | method=POST   endpoint=/api/v1/auth/login                  status=200 latency=  227.96ms
2026-06-08T07:44:26 UTC | INFO     | AUTH     | user=cliente_001          network_delay=1.0377s
2026-06-08T07:44:26 UTC | INFO     | AUTH_OK  | user=cliente_001          account=MX-4821-0001 type=PREMIUM
2026-06-08T07:44:26 UTC | INFO     | REQUEST  | method=POST   endpoint=/api/v1/auth/login                  status=200 latency= 1096.59ms
2026-06-08T07:44:26 UTC | INFO     | REQUEST  | method=GET    endpoint=/                                   status=200 latency=    0.35ms
2026-06-08T07:44:26 UTC | INFO     | AUTH     | user=cliente_001          network_delay=0.3862s
2026-06-08T07:44:26 UTC | INFO     | AUTH_OK  | user=cliente_001          account=MX-4821-0001 type=PREMIUM
2026-06-08T07:44:26 UTC | INFO     | REQUEST  | method=POST   endpoint=/api/v1/auth/login                  status=200 latency=  387.14ms
2026-06-08T07:44:27 UTC | INFO     | AUTH     | user=cliente_001          network_delay=0.7994s
2026-06-08T07:44:27 UTC | INFO     | AUTH_OK  | user=cliente_001          account=MX-4821-0001 type=PREMIUM
2026-06-08T07:44:27 UTC | INFO     | REQUEST  | method=POST   endpoint=/api/v1/auth/login                  status=200 latency=  799.91ms
2026-06-08T07:44:29 UTC | INFO     | AUTH     | user=cliente_001          network_delay=1.4693s
2026-06-08T07:44:29 UTC | INFO     | AUTH_OK  | user=cliente_001          account=MX-4821-0001 type=PREMIUM
2026-06-08T07:44:29 UTC | INFO     | REQUEST  | method=POST   endpoint=/api/v1/auth/login                  status=200 latency= 1470.30ms
2026-06-08T07:44:30 UTC | INFO     | AUTH     | user=cliente_001          network_delay=1.1269s
2026-06-08T07:44:30 UTC | INFO     | AUTH_OK  | user=cliente_001          account=MX-4821-0001 type=PREMIUM
2026-06-08T07:44:30 UTC | INFO     | REQUEST  | method=POST   endpoint=/api/v1/auth/login                  status=200 latency= 1129.56ms
2026-06-08T07:44:30 UTC | INFO     | AUTH     | user=cliente_001          network_delay=0.3703s
2026-06-08T07:44:30 UTC | INFO     | AUTH_OK  | user=cliente_001          account=MX-4821-0001 type=PREMIUM
2026-06-08T07:44:30 UTC | INFO     | REQUEST  | method=POST   endpoint=/api/v1/auth/login                  status=200 latency=  372.33ms
2026-06-08T07:44:31 UTC | INFO     | AUTH     | user=cliente_001          network_delay=1.3734s
2026-06-08T07:44:31 UTC | INFO     | AUTH_OK  | user=cliente_001          account=MX-4821-0001 type=PREMIUM
2026-06-08T07:44:31 UTC | INFO     | REQUEST  | method=POST   endpoint=/api/v1/auth/login                  status=200 latency= 1374.28ms
2026-06-08T07:44:32 UTC | INFO     | AUTH     | user=cliente_001          network_delay=0.2180s
2026-06-08T07:44:32 UTC | INFO     | AUTH_OK  | user=cliente_001          account=MX-4821-0001 type=PREMIUM
2026-06-08T07:44:32 UTC | INFO     | REQUEST  | method=POST   endpoint=/api/v1/auth/login                  status=200 latency=  227.03ms
2026-06-08T07:44:33 UTC | INFO     | AUTH     | user=cliente_001          network_delay=1.0235s
2026-06-08T07:44:33 UTC | INFO     | AUTH_OK  | user=cliente_001          account=MX-4821-0001 type=PREMIUM
2026-06-08T07:44:33 UTC | INFO     | REQUEST  | method=POST   endpoint=/api/v1/auth/login                  status=200 latency= 1025.53ms
2026-06-08T07:44:34 UTC | INFO     | AUTH     | user=cliente_001          network_delay=1.0884s
2026-06-08T07:44:34 UTC | INFO     | AUTH_OK  | user=cliente_001          account=MX-4821-0001 type=PREMIUM
2026-06-08T07:44:34 UTC | INFO     | REQUEST  | method=POST   endpoint=/api/v1/auth/login                  status=200 latency= 1094.05ms
2026-06-08T07:44:35 UTC | INFO     | AUTH     | user=cliente_001          network_delay=1.1960s
2026-06-08T07:44:35 UTC | INFO     | AUTH_OK  | user=cliente_001          account=MX-4821-0001 type=PREMIUM
2026-06-08T07:44:35 UTC | INFO     | REQUEST  | method=POST   endpoint=/api/v1/auth/login                  status=200 latency= 1198.90ms
2026-06-08T07:44:36 UTC | INFO     | AUTH     | user=cliente_001          network_delay=0.2334s
2026-06-08T07:44:36 UTC | INFO     | AUTH_OK  | user=cliente_001          account=MX-4821-0001 type=PREMIUM
2026-06-08T07:44:36 UTC | INFO     | REQUEST  | method=POST   endpoint=/api/v1/auth/login                  status=200 latency= 1109.41ms
2026-06-08T07:44:37 UTC | INFO     | AUTH     | user=cliente_001          network_delay=1.0152s
2026-06-08T07:44:37 UTC | INFO     | AUTH_OK  | user=cliente_001          account=MX-4821-0001 type=PREMIUM
2026-06-08T07:44:37 UTC | INFO     | REQUEST  | method=POST   endpoint=/api/v1/auth/login                  status=200 latency= 1017.64ms
2026-06-08T07:44:38 UTC | INFO     | AUTH     | user=cliente_001          network_delay=0.2991s
2026-06-08T07:44:38 UTC | INFO     | AUTH_OK  | user=cliente_001          account=MX-4821-0001 type=PREMIUM
2026-06-08T07:44:38 UTC | INFO     | REQUEST  | method=POST   endpoint=/api/v1/auth/login                  status=200 latency=  307.52ms
2026-06-08T07:44:38 UTC | INFO     | AUTH     | user=cliente_001          network_delay=0.1643s
2026-06-08T07:44:38 UTC | INFO     | AUTH_OK  | user=cliente_001          account=MX-4821-0001 type=PREMIUM
2026-06-08T07:44:38 UTC | INFO     | REQUEST  | method=POST   endpoint=/api/v1/auth/login                  status=200 latency=  165.80ms
2026-06-08T07:44:39 UTC | INFO     | AUTH     | user=cliente_001          network_delay=1.4925s
2026-06-08T07:44:39 UTC | INFO     | AUTH_OK  | user=cliente_001          account=MX-4821-0001 type=PREMIUM
2026-06-08T07:44:39 UTC | INFO     | REQUEST  | method=POST   endpoint=/api/v1/auth/login                  status=200 latency= 1529.57ms
2026-06-08T07:44:40 UTC | INFO     | AUTH     | user=cliente_001          network_delay=0.7062s
2026-06-08T07:44:40 UTC | INFO     | AUTH_OK  | user=cliente_001          account=MX-4821-0001 type=PREMIUM
2026-06-08T07:44:40 UTC | INFO     | REQUEST  | method=POST   endpoint=/api/v1/auth/login                  status=200 latency=  707.56ms
2026-06-08T07:44:40 UTC | INFO     | AUTH     | user=cliente_001          network_delay=0.2941s
2026-06-08T07:44:40 UTC | INFO     | AUTH_OK  | user=cliente_001          account=MX-4821-0001 type=PREMIUM
2026-06-08T07:44:40 UTC | INFO     | REQUEST  | method=POST   endpoint=/api/v1/auth/login                  status=200 latency=  295.38ms
2026-06-08T07:44:41 UTC | INFO     | AUTH     | user=cliente_001          network_delay=0.6540s
2026-06-08T07:44:41 UTC | INFO     | AUTH_OK  | user=cliente_001          account=MX-4821-0001 type=PREMIUM
2026-06-08T07:44:41 UTC | INFO     | REQUEST  | method=POST   endpoint=/api/v1/auth/login                  status=200 latency=  663.89ms
2026-06-08T07:44:42 UTC | INFO     | AUTH     | user=cliente_001          network_delay=0.9727s
2026-06-08T07:44:42 UTC | INFO     | AUTH_OK  | user=cliente_001          account=MX-4821-0001 type=PREMIUM
2026-06-08T07:44:42 UTC | INFO     | REQUEST  | method=POST   endpoint=/api/v1/auth/login                  status=200 latency=  974.31ms
2026-06-08T07:44:43 UTC | INFO     | AUTH     | user=cliente_001          network_delay=0.9552s
2026-06-08T07:44:43 UTC | INFO     | AUTH_OK  | user=cliente_001          account=MX-4821-0001 type=PREMIUM
2026-06-08T07:44:43 UTC | INFO     | REQUEST  | method=POST   endpoint=/api/v1/auth/login                  status=200 latency=  959.15ms
2026-06-08T07:44:44 UTC | INFO     | AUTH     | user=cliente_001          network_delay=1.0652s
2026-06-08T07:44:44 UTC | INFO     | AUTH_OK  | user=cliente_001          account=MX-4821-0001 type=PREMIUM
2026-06-08T07:44:44 UTC | INFO     | REQUEST  | method=POST   endpoint=/api/v1/auth/login                  status=200 latency= 1064.71ms
2026-06-08T07:44:56 UTC | INFO     | REQUEST  | method=GET    endpoint=/                                   status=200 latency=    5.36ms
2026-06-08T07:45:27 UTC | INFO     | REQUEST  | method=GET    endpoint=/                                   status=200 latency=    0.53ms
2026-06-08T07:45:58 UTC | INFO     | REQUEST  | method=GET    endpoint=/                                   status=200 latency=    0.62ms
2026-06-08T07:46:20 UTC | INFO     | AUTH     | user=cliente_001          network_delay=1.2738s
2026-06-08T07:46:20 UTC | INFO     | AUTH_OK  | user=cliente_001          account=MX-4821-0001 type=PREMIUM
2026-06-08T07:46:20 UTC | INFO     | REQUEST  | method=POST   endpoint=/api/v1/auth/login                  status=200 latency= 1280.65ms
2026-06-08T07:46:20 UTC | INFO     | AUTH     | user=cliente_001          network_delay=0.5342s
2026-06-08T07:46:20 UTC | INFO     | AUTH_OK  | user=cliente_001          account=MX-4821-0001 type=PREMIUM
2026-06-08T07:46:20 UTC | INFO     | REQUEST  | method=POST   endpoint=/api/v1/auth/login                  status=200 latency=  537.32ms
2026-06-08T07:46:21 UTC | INFO     | AUTH     | user=cliente_001          network_delay=0.9203s
2026-06-08T07:46:21 UTC | INFO     | AUTH_OK  | user=cliente_001          account=MX-4821-0001 type=PREMIUM
2026-06-08T07:46:21 UTC | INFO     | REQUEST  | method=POST   endpoint=/api/v1/auth/login                  status=200 latency=  939.99ms
2026-06-08T07:46:21 UTC | INFO     | AUTH     | user=cliente_001          network_delay=0.2113s
2026-06-08T07:46:21 UTC | INFO     | AUTH_OK  | user=cliente_001          account=MX-4821-0001 type=PREMIUM
2026-06-08T07:46:21 UTC | INFO     | REQUEST  | method=POST   endpoint=/api/v1/auth/login                  status=200 latency=  217.09ms
2026-06-08T07:46:22 UTC | INFO     | AUTH     | user=cliente_001          network_delay=0.5211s
2026-06-08T07:46:22 UTC | INFO     | AUTH_OK  | user=cliente_001          account=MX-4821-0001 type=PREMIUM
2026-06-08T07:46:22 UTC | INFO     | REQUEST  | method=POST   endpoint=/api/v1/auth/login                  status=200 latency=  524.04ms
2026-06-08T07:46:22 UTC | INFO     | AUTH     | user=cliente_001          network_delay=0.2809s
2026-06-08T07:46:22 UTC | INFO     | AUTH_OK  | user=cliente_001          account=MX-4821-0001 type=PREMIUM
2026-06-08T07:46:22 UTC | INFO     | REQUEST  | method=POST   endpoint=/api/v1/auth/login                  status=200 latency=  284.42ms
2026-06-08T07:46:23 UTC | INFO     | AUTH     | user=cliente_001          network_delay=0.8357s
2026-06-08T07:46:23 UTC | INFO     | AUTH_OK  | user=cliente_001          account=MX-4821-0001 type=PREMIUM
2026-06-08T07:46:23 UTC | INFO     | REQUEST  | method=POST   endpoint=/api/v1/auth/login                  status=200 latency=  845.09ms
2026-06-08T07:46:24 UTC | INFO     | AUTH     | user=cliente_001          network_delay=1.1061s
2026-06-08T07:46:24 UTC | INFO     | AUTH_OK  | user=cliente_001          account=MX-4821-0001 type=PREMIUM
2026-06-08T07:46:24 UTC | INFO     | REQUEST  | method=POST   endpoint=/api/v1/auth/login                  status=200 latency= 1109.42ms
2026-06-08T07:46:26 UTC | INFO     | AUTH     | user=cliente_001          network_delay=1.4248s
2026-06-08T07:46:26 UTC | INFO     | AUTH_OK  | user=cliente_001          account=MX-4821-0001 type=PREMIUM
2026-06-08T07:46:26 UTC | INFO     | REQUEST  | method=POST   endpoint=/api/v1/auth/login                  status=200 latency= 1456.92ms
2026-06-08T07:46:27 UTC | INFO     | AUTH     | user=cliente_001          network_delay=1.4639s
2026-06-08T07:46:27 UTC | INFO     | AUTH_OK  | user=cliente_001          account=MX-4821-0001 type=PREMIUM
2026-06-08T07:46:27 UTC | INFO     | REQUEST  | method=POST   endpoint=/api/v1/auth/login                  status=200 latency= 1469.83ms
2026-06-08T07:46:28 UTC | INFO     | AUTH     | user=cliente_001          network_delay=0.9801s
2026-06-08T07:46:28 UTC | INFO     | AUTH_OK  | user=cliente_001          account=MX-4821-0001 type=PREMIUM
2026-06-08T07:46:28 UTC | INFO     | REQUEST  | method=POST   endpoint=/api/v1/auth/login                  status=200 latency= 1056.79ms
2026-06-08T07:46:28 UTC | INFO     | REQUEST  | method=GET    endpoint=/                                   status=200 latency=    0.41ms
2026-06-08T07:46:28 UTC | INFO     | AUTH     | user=cliente_001          network_delay=0.1132s
2026-06-08T07:46:28 UTC | INFO     | AUTH_OK  | user=cliente_001          account=MX-4821-0001 type=PREMIUM
2026-06-08T07:46:28 UTC | INFO     | REQUEST  | method=POST   endpoint=/api/v1/auth/login                  status=200 latency=  119.88ms
2026-06-08T07:46:29 UTC | INFO     | AUTH     | user=cliente_001          network_delay=0.3254s
2026-06-08T07:46:29 UTC | INFO     | AUTH_OK  | user=cliente_001          account=MX-4821-0001 type=PREMIUM
2026-06-08T07:46:29 UTC | INFO     | REQUEST  | method=POST   endpoint=/api/v1/auth/login                  status=200 latency=  331.05ms
2026-06-08T07:46:29 UTC | INFO     | AUTH     | user=cliente_001          network_delay=0.3954s
2026-06-08T07:46:29 UTC | INFO     | AUTH_OK  | user=cliente_001          account=MX-4821-0001 type=PREMIUM
2026-06-08T07:46:29 UTC | INFO     | REQUEST  | method=POST   endpoint=/api/v1/auth/login                  status=200 latency=  400.29ms
2026-06-08T07:46:30 UTC | INFO     | AUTH     | user=cliente_001          network_delay=1.1629s
2026-06-08T07:46:30 UTC | INFO     | AUTH_OK  | user=cliente_001          account=MX-4821-0001 type=PREMIUM
2026-06-08T07:46:30 UTC | INFO     | REQUEST  | method=POST   endpoint=/api/v1/auth/login                  status=200 latency= 1168.85ms
2026-06-08T07:46:31 UTC | INFO     | AUTH     | user=cliente_001          network_delay=0.3840s
2026-06-08T07:46:31 UTC | INFO     | AUTH_OK  | user=cliente_001          account=MX-4821-0001 type=PREMIUM
2026-06-08T07:46:31 UTC | INFO     | REQUEST  | method=POST   endpoint=/api/v1/auth/login                  status=200 latency=  392.88ms
2026-06-08T07:46:32 UTC | INFO     | AUTH     | user=cliente_001          network_delay=1.0674s
2026-06-08T07:46:32 UTC | INFO     | AUTH_OK  | user=cliente_001          account=MX-4821-0001 type=PREMIUM
2026-06-08T07:46:32 UTC | INFO     | REQUEST  | method=POST   endpoint=/api/v1/auth/login                  status=200 latency= 1074.03ms
2026-06-08T07:46:33 UTC | INFO     | AUTH     | user=cliente_001          network_delay=1.2266s
2026-06-08T07:46:33 UTC | INFO     | AUTH_OK  | user=cliente_001          account=MX-4821-0001 type=PREMIUM
2026-06-08T07:46:33 UTC | INFO     | REQUEST  | method=POST   endpoint=/api/v1/auth/login                  status=200 latency= 1240.00ms
2026-06-08T07:46:34 UTC | INFO     | AUTH     | user=cliente_001          network_delay=0.6024s
2026-06-08T07:46:34 UTC | INFO     | AUTH_OK  | user=cliente_001          account=MX-4821-0001 type=PREMIUM
2026-06-08T07:46:34 UTC | INFO     | REQUEST  | method=POST   endpoint=/api/v1/auth/login                  status=200 latency=  733.32ms
2026-06-08T07:46:35 UTC | INFO     | AUTH     | user=cliente_001          network_delay=0.7386s
2026-06-08T07:46:35 UTC | INFO     | AUTH_OK  | user=cliente_001          account=MX-4821-0001 type=PREMIUM
2026-06-08T07:46:35 UTC | INFO     | REQUEST  | method=POST   endpoint=/api/v1/auth/login                  status=200 latency=  744.24ms
2026-06-08T07:46:36 UTC | INFO     | AUTH     | user=cliente_001          network_delay=1.1579s
2026-06-08T07:46:36 UTC | INFO     | AUTH_OK  | user=cliente_001          account=MX-4821-0001 type=PREMIUM
2026-06-08T07:46:36 UTC | INFO     | REQUEST  | method=POST   endpoint=/api/v1/auth/login                  status=200 latency= 1160.00ms
2026-06-08T07:46:37 UTC | INFO     | AUTH     | user=cliente_001          network_delay=0.7669s
2026-06-08T07:46:37 UTC | INFO     | AUTH_OK  | user=cliente_001          account=MX-4821-0001 type=PREMIUM
2026-06-08T07:46:37 UTC | INFO     | REQUEST  | method=POST   endpoint=/api/v1/auth/login                  status=200 latency=  772.03ms
2026-06-08T07:46:38 UTC | INFO     | AUTH     | user=cliente_001          network_delay=1.3889s
2026-06-08T07:46:38 UTC | INFO     | AUTH_OK  | user=cliente_001          account=MX-4821-0001 type=PREMIUM
2026-06-08T07:46:38 UTC | INFO     | REQUEST  | method=POST   endpoint=/api/v1/auth/login                  status=200 latency= 1392.44ms
2026-06-08T07:46:39 UTC | INFO     | AUTH     | user=cliente_001          network_delay=0.5272s
2026-06-08T07:46:39 UTC | INFO     | AUTH_OK  | user=cliente_001          account=MX-4821-0001 type=PREMIUM
2026-06-08T07:46:39 UTC | INFO     | REQUEST  | method=POST   endpoint=/api/v1/auth/login                  status=200 latency=  536.26ms
2026-06-08T07:46:40 UTC | INFO     | AUTH     | user=cliente_001          network_delay=1.3028s
2026-06-08T07:46:40 UTC | INFO     | AUTH_OK  | user=cliente_001          account=MX-4821-0001 type=PREMIUM
2026-06-08T07:46:40 UTC | INFO     | REQUEST  | method=POST   endpoint=/api/v1/auth/login                  status=200 latency= 1307.32ms
2026-06-08T07:46:41 UTC | INFO     | AUTH     | user=cliente_001          network_delay=1.2712s
2026-06-08T07:46:41 UTC | INFO     | AUTH_OK  | user=cliente_001          account=MX-4821-0001 type=PREMIUM
2026-06-08T07:46:41 UTC | INFO     | REQUEST  | method=POST   endpoint=/api/v1/auth/login                  status=200 latency= 1274.42ms
2026-06-08T07:46:43 UTC | INFO     | AUTH     | user=cliente_001          network_delay=1.3861s
2026-06-08T07:46:43 UTC | INFO     | AUTH_OK  | user=cliente_001          account=MX-4821-0001 type=PREMIUM
2026-06-08T07:46:43 UTC | INFO     | REQUEST  | method=POST   endpoint=/api/v1/auth/login                  status=200 latency= 1391.21ms
2026-06-08T07:46:43 UTC | INFO     | AUTH     | user=cliente_001          network_delay=0.3352s
2026-06-08T07:46:43 UTC | INFO     | AUTH_OK  | user=cliente_001          account=MX-4821-0001 type=PREMIUM
2026-06-08T07:46:43 UTC | INFO     | REQUEST  | method=POST   endpoint=/api/v1/auth/login                  status=200 latency=  349.46ms
2026-06-08T07:46:44 UTC | INFO     | AUTH     | user=cliente_001          network_delay=0.5312s
2026-06-08T07:46:44 UTC | INFO     | AUTH_OK  | user=cliente_001          account=MX-4821-0001 type=PREMIUM
2026-06-08T07:46:44 UTC | INFO     | REQUEST  | method=POST   endpoint=/api/v1/auth/login                  status=200 latency=  536.49ms
2026-06-08T07:46:45 UTC | INFO     | AUTH     | user=cliente_001          network_delay=1.0691s
2026-06-08T07:46:45 UTC | INFO     | AUTH_OK  | user=cliente_001          account=MX-4821-0001 type=PREMIUM
2026-06-08T07:46:45 UTC | INFO     | REQUEST  | method=POST   endpoint=/api/v1/auth/login                  status=200 latency= 1084.61ms
2026-06-08T07:46:59 UTC | INFO     | REQUEST  | method=GET    endpoint=/                                   status=200 latency=    0.82ms
2026-06-08T07:47:29 UTC | INFO     | REQUEST  | method=GET    endpoint=/                                   status=200 latency=    0.27ms
2026-06-08T07:48:00 UTC | INFO     | REQUEST  | method=GET    endpoint=/                                   status=200 latency=    0.29ms
2026-06-08T07:48:02 UTC | INFO     | AUTH     | user=cliente_001          network_delay=0.3081s
2026-06-08T07:48:02 UTC | INFO     | AUTH_OK  | user=cliente_001          account=MX-4821-0001 type=PREMIUM
2026-06-08T07:48:02 UTC | INFO     | REQUEST  | method=POST   endpoint=/api/v1/auth/login                  status=200 latency=  311.69ms
2026-06-08T07:48:02 UTC | INFO     | AUTH     | user=cliente_001          network_delay=0.3463s
2026-06-08T07:48:02 UTC | INFO     | AUTH_OK  | user=cliente_001          account=MX-4821-0001 type=PREMIUM
2026-06-08T07:48:02 UTC | INFO     | REQUEST  | method=POST   endpoint=/api/v1/auth/login                  status=200 latency=  350.99ms
2026-06-08T07:48:04 UTC | INFO     | AUTH     | user=cliente_001          network_delay=1.4980s
2026-06-08T07:48:04 UTC | INFO     | AUTH_OK  | user=cliente_001          account=MX-4821-0001 type=PREMIUM
2026-06-08T07:48:04 UTC | INFO     | REQUEST  | method=POST   endpoint=/api/v1/auth/login                  status=200 latency= 1501.25ms
2026-06-08T07:48:05 UTC | INFO     | AUTH     | user=cliente_001          network_delay=1.1033s
2026-06-08T07:48:05 UTC | INFO     | AUTH_OK  | user=cliente_001          account=MX-4821-0001 type=PREMIUM
2026-06-08T07:48:05 UTC | INFO     | REQUEST  | method=POST   endpoint=/api/v1/auth/login                  status=200 latency= 1108.04ms
2026-06-08T07:48:06 UTC | INFO     | AUTH     | user=cliente_001          network_delay=0.7775s
2026-06-08T07:48:06 UTC | INFO     | AUTH_OK  | user=cliente_001          account=MX-4821-0001 type=PREMIUM
2026-06-08T07:48:06 UTC | INFO     | REQUEST  | method=POST   endpoint=/api/v1/auth/login                  status=200 latency=  783.31ms
2026-06-08T07:48:06 UTC | INFO     | AUTH     | user=cliente_001          network_delay=0.3739s
2026-06-08T07:48:06 UTC | INFO     | AUTH_OK  | user=cliente_001          account=MX-4821-0001 type=PREMIUM
2026-06-08T07:48:06 UTC | INFO     | REQUEST  | method=POST   endpoint=/api/v1/auth/login                  status=200 latency=  377.11ms
2026-06-08T07:48:07 UTC | INFO     | AUTH     | user=cliente_001          network_delay=0.8040s
2026-06-08T07:48:07 UTC | INFO     | AUTH_OK  | user=cliente_001          account=MX-4821-0001 type=PREMIUM
2026-06-08T07:48:07 UTC | INFO     | REQUEST  | method=POST   endpoint=/api/v1/auth/login                  status=200 latency=  812.46ms
2026-06-08T07:48:08 UTC | INFO     | AUTH     | user=cliente_001          network_delay=0.6198s
2026-06-08T07:48:08 UTC | INFO     | AUTH_OK  | user=cliente_001          account=MX-4821-0001 type=PREMIUM
2026-06-08T07:48:08 UTC | INFO     | REQUEST  | method=POST   endpoint=/api/v1/auth/login                  status=200 latency=  624.28ms
2026-06-08T07:48:09 UTC | INFO     | AUTH     | user=cliente_001          network_delay=1.1813s
2026-06-08T07:48:09 UTC | INFO     | AUTH_OK  | user=cliente_001          account=MX-4821-0001 type=PREMIUM
2026-06-08T07:48:09 UTC | INFO     | REQUEST  | method=POST   endpoint=/api/v1/auth/login                  status=200 latency= 1185.68ms
2026-06-08T07:48:09 UTC | INFO     | AUTH     | user=cliente_001          network_delay=0.3460s
2026-06-08T07:48:09 UTC | INFO     | AUTH_OK  | user=cliente_001          account=MX-4821-0001 type=PREMIUM
2026-06-08T07:48:09 UTC | INFO     | REQUEST  | method=POST   endpoint=/api/v1/auth/login                  status=200 latency=  349.31ms
2026-06-08T07:48:10 UTC | INFO     | AUTH     | user=cliente_001          network_delay=0.5800s
2026-06-08T07:48:10 UTC | INFO     | AUTH_OK  | user=cliente_001          account=MX-4821-0001 type=PREMIUM
2026-06-08T07:48:10 UTC | INFO     | REQUEST  | method=POST   endpoint=/api/v1/auth/login                  status=200 latency=  586.52ms
2026-06-08T07:48:10 UTC | INFO     | AUTH     | user=cliente_001          network_delay=0.3398s
2026-06-08T07:48:10 UTC | INFO     | AUTH_OK  | user=cliente_001          account=MX-4821-0001 type=PREMIUM
2026-06-08T07:48:10 UTC | INFO     | REQUEST  | method=POST   endpoint=/api/v1/auth/login                  status=200 latency=  344.42ms
2026-06-08T07:48:10 UTC | INFO     | AUTH     | user=cliente_001          network_delay=0.1621s
2026-06-08T07:48:10 UTC | INFO     | AUTH_OK  | user=cliente_001          account=MX-4821-0001 type=PREMIUM
2026-06-08T07:48:10 UTC | INFO     | REQUEST  | method=POST   endpoint=/api/v1/auth/login                  status=200 latency=  164.64ms
2026-06-08T07:48:11 UTC | INFO     | AUTH     | user=cliente_001          network_delay=0.3659s
2026-06-08T07:48:11 UTC | INFO     | AUTH_OK  | user=cliente_001          account=MX-4821-0001 type=PREMIUM
2026-06-08T07:48:11 UTC | INFO     | REQUEST  | method=POST   endpoint=/api/v1/auth/login                  status=200 latency=  369.84ms
2026-06-08T07:48:11 UTC | INFO     | AUTH     | user=cliente_001          network_delay=0.7784s
2026-06-08T07:48:11 UTC | INFO     | AUTH_OK  | user=cliente_001          account=MX-4821-0001 type=PREMIUM
2026-06-08T07:48:11 UTC | INFO     | REQUEST  | method=POST   endpoint=/api/v1/auth/login                  status=200 latency=  781.88ms
2026-06-08T07:48:12 UTC | INFO     | AUTH     | user=cliente_001          network_delay=0.6304s
2026-06-08T07:48:12 UTC | INFO     | AUTH_OK  | user=cliente_001          account=MX-4821-0001 type=PREMIUM
2026-06-08T07:48:12 UTC | INFO     | REQUEST  | method=POST   endpoint=/api/v1/auth/login                  status=200 latency=  637.40ms
2026-06-08T07:48:12 UTC | INFO     | AUTH     | user=cliente_001          network_delay=0.2098s
2026-06-08T07:48:12 UTC | INFO     | AUTH_OK  | user=cliente_001          account=MX-4821-0001 type=PREMIUM
2026-06-08T07:48:12 UTC | INFO     | REQUEST  | method=POST   endpoint=/api/v1/auth/login                  status=200 latency=  212.25ms
2026-06-08T07:48:14 UTC | INFO     | AUTH     | user=cliente_001          network_delay=1.2085s
2026-06-08T07:48:14 UTC | INFO     | AUTH_OK  | user=cliente_001          account=MX-4821-0001 type=PREMIUM
2026-06-08T07:48:14 UTC | INFO     | REQUEST  | method=POST   endpoint=/api/v1/auth/login                  status=200 latency= 1383.36ms
2026-06-08T07:48:14 UTC | INFO     | AUTH     | user=cliente_001          network_delay=0.4981s
2026-06-08T07:48:14 UTC | INFO     | AUTH_OK  | user=cliente_001          account=MX-4821-0001 type=PREMIUM
2026-06-08T07:48:14 UTC | INFO     | REQUEST  | method=POST   endpoint=/api/v1/auth/login                  status=200 latency=  502.52ms
2026-06-08T07:48:15 UTC | INFO     | AUTH     | user=cliente_001          network_delay=0.6508s
2026-06-08T07:48:15 UTC | INFO     | AUTH_OK  | user=cliente_001          account=MX-4821-0001 type=PREMIUM
2026-06-08T07:48:15 UTC | INFO     | REQUEST  | method=POST   endpoint=/api/v1/auth/login                  status=200 latency=  654.58ms
2026-06-08T07:48:16 UTC | INFO     | AUTH     | user=cliente_001          network_delay=0.7383s
2026-06-08T07:48:16 UTC | INFO     | AUTH_OK  | user=cliente_001          account=MX-4821-0001 type=PREMIUM
2026-06-08T07:48:16 UTC | INFO     | REQUEST  | method=POST   endpoint=/api/v1/auth/login                  status=200 latency=  744.82ms
2026-06-08T07:48:16 UTC | INFO     | AUTH     | user=cliente_001          network_delay=0.3871s
2026-06-08T07:48:16 UTC | INFO     | AUTH_OK  | user=cliente_001          account=MX-4821-0001 type=PREMIUM
2026-06-08T07:48:16 UTC | INFO     | REQUEST  | method=POST   endpoint=/api/v1/auth/login                  status=200 latency=  393.86ms
2026-06-08T07:48:17 UTC | INFO     | AUTH     | user=cliente_001          network_delay=1.1942s
2026-06-08T07:48:17 UTC | INFO     | AUTH_OK  | user=cliente_001          account=MX-4821-0001 type=PREMIUM
2026-06-08T07:48:17 UTC | INFO     | REQUEST  | method=POST   endpoint=/api/v1/auth/login                  status=200 latency= 1203.16ms
2026-06-08T07:48:18 UTC | INFO     | AUTH     | user=cliente_001          network_delay=1.1658s
2026-06-08T07:48:19 UTC | INFO     | AUTH_OK  | user=cliente_001          account=MX-4821-0001 type=PREMIUM
2026-06-08T07:48:19 UTC | INFO     | REQUEST  | method=POST   endpoint=/api/v1/auth/login                  status=200 latency= 1169.97ms
2026-06-08T07:48:19 UTC | INFO     | AUTH     | user=cliente_001          network_delay=0.9035s
2026-06-08T07:48:19 UTC | INFO     | AUTH_OK  | user=cliente_001          account=MX-4821-0001 type=PREMIUM
2026-06-08T07:48:19 UTC | INFO     | REQUEST  | method=POST   endpoint=/api/v1/auth/login                  status=200 latency=  908.72ms
2026-06-08T07:48:21 UTC | INFO     | AUTH     | user=cliente_001          network_delay=1.3998s
2026-06-08T07:48:21 UTC | INFO     | AUTH_OK  | user=cliente_001          account=MX-4821-0001 type=PREMIUM
2026-06-08T07:48:21 UTC | INFO     | REQUEST  | method=POST   endpoint=/api/v1/auth/login                  status=200 latency= 1405.10ms
2026-06-08T07:48:22 UTC | INFO     | AUTH     | user=cliente_001          network_delay=1.2765s
2026-06-08T07:48:22 UTC | INFO     | AUTH_OK  | user=cliente_001          account=MX-4821-0001 type=PREMIUM
2026-06-08T07:48:22 UTC | INFO     | REQUEST  | method=POST   endpoint=/api/v1/auth/login                  status=200 latency= 1282.45ms
2026-06-08T07:48:23 UTC | INFO     | AUTH     | user=cliente_001          network_delay=0.4520s
2026-06-08T07:48:23 UTC | INFO     | AUTH_OK  | user=cliente_001          account=MX-4821-0001 type=PREMIUM
2026-06-08T07:48:23 UTC | INFO     | REQUEST  | method=POST   endpoint=/api/v1/auth/login                  status=200 latency=  457.55ms
2026-06-08T07:48:24 UTC | INFO     | AUTH     | user=cliente_001          network_delay=1.2583s
2026-06-08T07:48:24 UTC | INFO     | AUTH_OK  | user=cliente_001          account=MX-4821-0001 type=PREMIUM
2026-06-08T07:48:24 UTC | INFO     | REQUEST  | method=POST   endpoint=/api/v1/auth/login                  status=200 latency= 1259.41ms
2026-06-08T07:48:25 UTC | INFO     | AUTH     | user=cliente_001          network_delay=1.0478s
2026-06-08T07:48:25 UTC | INFO     | AUTH_OK  | user=cliente_001          account=MX-4821-0001 type=PREMIUM
2026-06-08T07:48:25 UTC | INFO     | REQUEST  | method=POST   endpoint=/api/v1/auth/login                  status=200 latency= 1056.23ms
2026-06-08T07:48:30 UTC | INFO     | REQUEST  | method=GET    endpoint=/                                   status=200 latency=    0.31ms
2026-06-08T07:49:01 UTC | INFO     | REQUEST  | method=GET    endpoint=/                                   status=200 latency=    0.29ms
2026-06-08T07:49:05 UTC | INFO     | AUTH     | user=cliente_001          network_delay=0.2058s
2026-06-08T07:49:05 UTC | INFO     | AUTH_OK  | user=cliente_001          account=MX-4821-0001 type=PREMIUM
2026-06-08T07:49:05 UTC | INFO     | REQUEST  | method=POST   endpoint=/api/v1/auth/login                  status=200 latency=  208.73ms
2026-06-08T07:49:31 UTC | INFO     | REQUEST  | method=GET    endpoint=/                                   status=200 latency=    5.64ms
2026-06-08T07:50:02 UTC | INFO     | REQUEST  | method=GET    endpoint=/                                   status=200 latency=    0.27ms
2026-06-08T07:50:32 UTC | INFO     | REQUEST  | method=GET    endpoint=/                                   status=200 latency=    0.29ms
2026-06-08T07:51:02 UTC | INFO     | REQUEST  | method=GET    endpoint=/                                   status=200 latency=    0.29ms
2026-06-08T07:51:33 UTC | INFO     | REQUEST  | method=GET    endpoint=/                                   status=200 latency=    0.35ms
2026-06-08T07:52:03 UTC | INFO     | REQUEST  | method=GET    endpoint=/                                   status=200 latency=    0.27ms
2026-06-08T07:52:21 UTC | INFO     | AUTH     | user=cliente_001          network_delay=0.5364s
2026-06-08T07:52:21 UTC | INFO     | AUTH_OK  | user=cliente_001          account=MX-4821-0001 type=PREMIUM
2026-06-08T07:52:21 UTC | INFO     | REQUEST  | method=POST   endpoint=/api/v1/auth/login                  status=200 latency=  541.21ms
2026-06-08T07:52:22 UTC | INFO     | AUTH     | user=cliente_001          network_delay=1.1573s
2026-06-08T07:52:22 UTC | INFO     | AUTH_OK  | user=cliente_001          account=MX-4821-0001 type=PREMIUM
2026-06-08T07:52:22 UTC | INFO     | REQUEST  | method=POST   endpoint=/api/v1/auth/login                  status=200 latency= 1159.42ms
2026-06-08T07:52:24 UTC | INFO     | AUTH     | user=cliente_001          network_delay=1.0604s
2026-06-08T07:52:24 UTC | INFO     | AUTH_OK  | user=cliente_001          account=MX-4821-0001 type=PREMIUM
2026-06-08T07:52:24 UTC | INFO     | REQUEST  | method=POST   endpoint=/api/v1/auth/login                  status=200 latency= 1061.72ms
2026-06-08T07:52:24 UTC | INFO     | AUTH     | user=cliente_001          network_delay=0.3431s
2026-06-08T07:52:24 UTC | INFO     | AUTH_OK  | user=cliente_001          account=MX-4821-0001 type=PREMIUM
2026-06-08T07:52:24 UTC | INFO     | REQUEST  | method=POST   endpoint=/api/v1/auth/login                  status=200 latency=  346.05ms
2026-06-08T07:52:25 UTC | INFO     | AUTH     | user=cliente_001          network_delay=0.9957s
2026-06-08T07:52:25 UTC | INFO     | AUTH_OK  | user=cliente_001          account=MX-4821-0001 type=PREMIUM
2026-06-08T07:52:25 UTC | INFO     | REQUEST  | method=POST   endpoint=/api/v1/auth/login                  status=200 latency= 1013.06ms
2026-06-08T07:52:26 UTC | INFO     | AUTH     | user=cliente_001          network_delay=0.6488s
2026-06-08T07:52:26 UTC | INFO     | AUTH_OK  | user=cliente_001          account=MX-4821-0001 type=PREMIUM
2026-06-08T07:52:26 UTC | INFO     | REQUEST  | method=POST   endpoint=/api/v1/auth/login                  status=200 latency=  650.20ms
2026-06-08T07:52:26 UTC | INFO     | AUTH     | user=cliente_001          network_delay=0.2442s
2026-06-08T07:52:26 UTC | INFO     | AUTH_OK  | user=cliente_001          account=MX-4821-0001 type=PREMIUM
2026-06-08T07:52:26 UTC | INFO     | REQUEST  | method=POST   endpoint=/api/v1/auth/login                  status=200 latency=  245.32ms
2026-06-08T07:52:26 UTC | INFO     | AUTH     | user=cliente_001          network_delay=0.2589s
2026-06-08T07:52:26 UTC | INFO     | AUTH_OK  | user=cliente_001          account=MX-4821-0001 type=PREMIUM
2026-06-08T07:52:26 UTC | INFO     | REQUEST  | method=POST   endpoint=/api/v1/auth/login                  status=200 latency=  260.57ms
2026-06-08T07:52:27 UTC | INFO     | AUTH     | user=cliente_001          network_delay=1.0695s
2026-06-08T07:52:27 UTC | INFO     | AUTH_OK  | user=cliente_001          account=MX-4821-0001 type=PREMIUM
2026-06-08T07:52:27 UTC | INFO     | REQUEST  | method=POST   endpoint=/api/v1/auth/login                  status=200 latency= 1070.58ms
2026-06-08T07:52:27 UTC | INFO     | AUTH     | user=cliente_001          network_delay=0.2014s
2026-06-08T07:52:27 UTC | INFO     | AUTH_OK  | user=cliente_001          account=MX-4821-0001 type=PREMIUM
2026-06-08T07:52:27 UTC | INFO     | REQUEST  | method=POST   endpoint=/api/v1/auth/login                  status=200 latency=  204.60ms
2026-06-08T07:52:28 UTC | INFO     | AUTH     | user=cliente_001          network_delay=0.2018s
2026-06-08T07:52:28 UTC | INFO     | AUTH_OK  | user=cliente_001          account=MX-4821-0001 type=PREMIUM
2026-06-08T07:52:28 UTC | INFO     | REQUEST  | method=POST   endpoint=/api/v1/auth/login                  status=200 latency=  204.14ms
2026-06-08T07:52:28 UTC | INFO     | AUTH     | user=cliente_001          network_delay=0.4009s
2026-06-08T07:52:28 UTC | INFO     | AUTH_OK  | user=cliente_001          account=MX-4821-0001 type=PREMIUM
2026-06-08T07:52:28 UTC | INFO     | REQUEST  | method=POST   endpoint=/api/v1/auth/login                  status=200 latency=  402.37ms
2026-06-08T07:52:29 UTC | INFO     | AUTH     | user=cliente_001          network_delay=1.1103s
2026-06-08T07:52:29 UTC | INFO     | AUTH_OK  | user=cliente_001          account=MX-4821-0001 type=PREMIUM
2026-06-08T07:52:29 UTC | INFO     | REQUEST  | method=POST   endpoint=/api/v1/auth/login                  status=200 latency= 1111.49ms
2026-06-08T07:52:30 UTC | INFO     | AUTH     | user=cliente_001          network_delay=0.8540s
2026-06-08T07:52:30 UTC | INFO     | AUTH_OK  | user=cliente_001          account=MX-4821-0001 type=PREMIUM
2026-06-08T07:52:30 UTC | INFO     | REQUEST  | method=POST   endpoint=/api/v1/auth/login                  status=200 latency=  857.40ms
2026-06-08T07:52:31 UTC | INFO     | AUTH     | user=cliente_001          network_delay=0.5572s
2026-06-08T07:52:31 UTC | INFO     | AUTH_OK  | user=cliente_001          account=MX-4821-0001 type=PREMIUM
2026-06-08T07:52:31 UTC | INFO     | REQUEST  | method=POST   endpoint=/api/v1/auth/login                  status=200 latency=  560.06ms
2026-06-08T07:52:31 UTC | INFO     | AUTH     | user=cliente_001          network_delay=0.5631s
2026-06-08T07:52:31 UTC | INFO     | AUTH_OK  | user=cliente_001          account=MX-4821-0001 type=PREMIUM
2026-06-08T07:52:31 UTC | INFO     | REQUEST  | method=POST   endpoint=/api/v1/auth/login                  status=200 latency=  565.32ms
2026-06-08T07:52:32 UTC | INFO     | AUTH     | user=cliente_001          network_delay=0.3700s
2026-06-08T07:52:32 UTC | INFO     | AUTH_OK  | user=cliente_001          account=MX-4821-0001 type=PREMIUM
2026-06-08T07:52:32 UTC | INFO     | REQUEST  | method=POST   endpoint=/api/v1/auth/login                  status=200 latency=  373.16ms
2026-06-08T07:52:33 UTC | INFO     | AUTH     | user=cliente_001          network_delay=0.9158s
2026-06-08T07:52:33 UTC | INFO     | AUTH_OK  | user=cliente_001          account=MX-4821-0001 type=PREMIUM
2026-06-08T07:52:33 UTC | INFO     | REQUEST  | method=POST   endpoint=/api/v1/auth/login                  status=200 latency=  919.76ms
2026-06-08T07:52:33 UTC | INFO     | AUTH     | user=cliente_001          network_delay=0.6206s
2026-06-08T07:52:33 UTC | INFO     | AUTH_OK  | user=cliente_001          account=MX-4821-0001 type=PREMIUM
2026-06-08T07:52:33 UTC | INFO     | REQUEST  | method=POST   endpoint=/api/v1/auth/login                  status=200 latency=  624.30ms
2026-06-08T07:52:33 UTC | INFO     | AUTH     | user=cliente_001          network_delay=0.1305s
2026-06-08T07:52:33 UTC | INFO     | AUTH_OK  | user=cliente_001          account=MX-4821-0001 type=PREMIUM
2026-06-08T07:52:33 UTC | INFO     | REQUEST  | method=POST   endpoint=/api/v1/auth/login                  status=200 latency=  132.69ms
2026-06-08T07:52:34 UTC | INFO     | REQUEST  | method=GET    endpoint=/                                   status=200 latency=    0.54ms
2026-06-08T07:52:34 UTC | INFO     | AUTH     | user=cliente_001          network_delay=0.4172s
2026-06-08T07:52:34 UTC | INFO     | AUTH_OK  | user=cliente_001          account=MX-4821-0001 type=PREMIUM
2026-06-08T07:52:34 UTC | INFO     | REQUEST  | method=POST   endpoint=/api/v1/auth/login                  status=200 latency=  418.42ms
2026-06-08T07:52:35 UTC | INFO     | AUTH     | user=cliente_001          network_delay=1.3452s
2026-06-08T07:52:35 UTC | INFO     | AUTH_OK  | user=cliente_001          account=MX-4821-0001 type=PREMIUM
2026-06-08T07:52:35 UTC | INFO     | REQUEST  | method=POST   endpoint=/api/v1/auth/login                  status=200 latency= 1345.68ms
2026-06-08T07:52:36 UTC | INFO     | AUTH     | user=cliente_001          network_delay=0.9686s
2026-06-08T07:52:36 UTC | INFO     | AUTH_OK  | user=cliente_001          account=MX-4821-0001 type=PREMIUM
2026-06-08T07:52:36 UTC | INFO     | REQUEST  | method=POST   endpoint=/api/v1/auth/login                  status=200 latency=  971.71ms
2026-06-08T07:52:37 UTC | INFO     | AUTH     | user=cliente_001          network_delay=0.3165s
2026-06-08T07:52:37 UTC | INFO     | AUTH_OK  | user=cliente_001          account=MX-4821-0001 type=PREMIUM
2026-06-08T07:52:37 UTC | INFO     | REQUEST  | method=POST   endpoint=/api/v1/auth/login                  status=200 latency=  323.12ms
2026-06-08T07:52:37 UTC | INFO     | AUTH     | user=cliente_001          network_delay=0.6005s
2026-06-08T07:52:37 UTC | INFO     | AUTH_OK  | user=cliente_001          account=MX-4821-0001 type=PREMIUM
2026-06-08T07:52:37 UTC | INFO     | REQUEST  | method=POST   endpoint=/api/v1/auth/login                  status=200 latency=  610.63ms
2026-06-08T07:52:38 UTC | INFO     | AUTH     | user=cliente_001          network_delay=0.6903s
2026-06-08T07:52:38 UTC | INFO     | AUTH_OK  | user=cliente_001          account=MX-4821-0001 type=PREMIUM
2026-06-08T07:52:38 UTC | INFO     | REQUEST  | method=POST   endpoint=/api/v1/auth/login                  status=200 latency=  694.00ms
2026-06-08T07:52:38 UTC | INFO     | AUTH     | user=cliente_001          network_delay=0.2561s
2026-06-08T07:52:38 UTC | INFO     | AUTH_OK  | user=cliente_001          account=MX-4821-0001 type=PREMIUM
2026-06-08T07:52:38 UTC | INFO     | REQUEST  | method=POST   endpoint=/api/v1/auth/login                  status=200 latency=  257.32ms
2026-06-08T07:52:39 UTC | INFO     | AUTH     | user=cliente_001          network_delay=1.2794s
2026-06-08T07:52:39 UTC | INFO     | AUTH_OK  | user=cliente_001          account=MX-4821-0001 type=PREMIUM
2026-06-08T07:52:39 UTC | INFO     | REQUEST  | method=POST   endpoint=/api/v1/auth/login                  status=200 latency= 1281.69ms
2026-06-08T07:52:40 UTC | INFO     | AUTH     | user=cliente_001          network_delay=0.2828s
2026-06-08T07:52:40 UTC | INFO     | AUTH_OK  | user=cliente_001          account=MX-4821-0001 type=PREMIUM
2026-06-08T07:52:40 UTC | INFO     | REQUEST  | method=POST   endpoint=/api/v1/auth/login                  status=200 latency=  288.48ms
2026-06-08T07:52:40 UTC | INFO     | AUTH     | user=cliente_001          network_delay=0.3983s
2026-06-08T07:52:40 UTC | INFO     | AUTH_OK  | user=cliente_001          account=MX-4821-0001 type=PREMIUM
2026-06-08T07:52:40 UTC | INFO     | REQUEST  | method=POST   endpoint=/api/v1/auth/login                  status=200 latency=  401.09ms
2026-06-08T07:53:04 UTC | INFO     | REQUEST  | method=GET    endpoint=/                                   status=200 latency=   11.14ms
2026-06-08T07:53:35 UTC | INFO     | REQUEST  | method=GET    endpoint=/                                   status=200 latency=    0.42ms
2026-06-08T07:54:05 UTC | INFO     | REQUEST  | method=GET    endpoint=/                                   status=200 latency=    0.31ms
